// Vitest Snapshot v1, https://vitest.dev/guide/snapshot.html

exports[`generate > \`/src/components/index.ts\` file > has exports that match the previous snapshot 1`] = `
[
  "FlagAuIcon",
  "FlagBhIcon",
  "FlagBrIcon",
  "FlagCaIcon",
  "FlagEuIcon",
  "FlagGbIcon",
  "FlagHkIcon",
  "FlagIdIcon",
  "FlagInIcon",
  "FlagJpIcon",
  "FlagKrIcon",
  "FlagSgIcon",
  "FlagUsIcon",
  "FlagZaIcon",
  "AppleIcon",
  "AwsIcon",
  "AzureIcon",
  "DockerIcon",
  "GoogleCloudIcon",
  "GoogleIcon",
  "LinuxIcon",
  "WindowsIcon",
  "RuntimeCompositeIcon",
  "RuntimeDedicatedCloudIcon",
  "RuntimeHybridIcon",
  "RuntimeKicIcon",
  "AddChartIcon",
  "AddCircleIcon",
  "AddIcon",
  "AnalyticsIcon",
  "ArrowDownIcon",
  "ArrowLeftIcon",
  "ArrowRightIcon",
  "ArrowUpIcon",
  "BackIcon",
  "BarChartHorizontalIcon",
  "BarChartIcon",
  "BlockquoteIcon",
  "BoldIcon",
  "BookIcon",
  "BotIcon",
  "BrainIcon",
  "CalIcon",
  "ChartAreaIcon",
  "ChartDataIcon",
  "ChartLinesIcon",
  "CheckCircleIcon",
  "CheckSmallIcon",
  "CheckIcon",
  "ChevronDownIcon",
  "ChevronLeftIcon",
  "ChevronRightIcon",
  "ChevronUpIcon",
  "ClearIcon",
  "ClipboardIcon",
  "ClockIcon",
  "CloseIcon",
  "CloudDownloadIcon",
  "CloudUploadIcon",
  "CloudIcon",
  "CodeIcon",
  "CodeblockIcon",
  "CogModeIcon",
  "CogIcon",
  "CollapsePanelIcon",
  "CollapseIcon",
  "ConnectionsIcon",
  "CopyIcon",
  "DangerCircleIcon",
  "DangerIcon",
  "DashboardIcon",
  "DataObjectIcon",
  "DataReportIcon",
  "DecreaseIcon",
  "DeployIcon",
  "DevPortalIcon",
  "DisabledIcon",
  "DocumentListIcon",
  "DocumentIcon",
  "DownloadIcon",
  "DragIcon",
  "EditIcon",
  "EqualIcon",
  "ExpandIcon",
  "ExternalLinkIcon",
  "FeatureRequestIcon",
  "FeedbackIcon",
  "FileEmptyIcon",
  "FilterIcon",
  "FlagIcon",
  "ForwardIcon",
  "GatewayIcon",
  "GraduationIcon",
  "GridIcon",
  "HelpIcon",
  "HistoryIcon",
  "HtmlIcon",
  "ImageIcon",
  "ImmunityIcon",
  "InboxNotificationIcon",
  "InboxIcon",
  "IncreaseIcon",
  "IndeterminateSmallIcon",
  "InfoIcon",
  "InsightsIcon",
  "ItalicIcon",
  "KeyboardReturnIcon",
  "KongIcon",
  "LinkIcon",
  "LinkedServicesIcon",
  "ListOrderedIcon",
  "ListUnorderedIcon",
  "ListIcon",
  "LockIcon",
  "MarkIcon",
  "MarkdownIcon",
  "MenuIcon",
  "MeshIcon",
  "MoreHorizontalIcon",
  "MoreIcon",
  "NetworkIcon",
  "NotificationIcon",
  "OrganizationIcon",
  "OverviewIcon",
  "PeopleIcon",
  "PlugIcon",
  "PortalIcon",
  "PresentationIcon",
  "ProfileTeamIcon",
  "ProfileIcon",
  "ProgressIcon",
  "RedoIcon",
  "RefreshIcon",
  "RegexIcon",
  "RemoveIcon",
  "ResponseIcon",
  "RocketIcon",
  "RuntimesIcon",
  "SearchIcon",
  "SecurityIcon",
  "ServiceDocumentIcon",
  "ServiceHubIcon",
  "ServicesIcon",
  "SharedIcon",
  "StackIcon",
  "StrikethroughIcon",
  "SubscriptIcon",
  "SuperscriptIcon",
  "SupportIcon",
  "TableColumnsIcon",
  "TableRowsIcon",
  "TableIcon",
  "TasklistIcon",
  "TeamIcon",
  "TeammateIcon",
  "TrashIcon",
  "TrendDownIcon",
  "TrendUpIcon",
  "UnderlineIcon",
  "UnfoldMoreIcon",
  "UploadIcon",
  "VisibilityIcon",
  "VitalsIcon",
  "WarningOutlineIcon",
  "WarningIcon",
  "WorkspacesIcon",
  "WorldPrivateIcon",
  "WorldIcon",
]
`;

exports[`generate > does not remove icons from the previous build 1`] = `
[
  "AddChartIcon.vue",
  "AddCircleIcon.vue",
  "AddIcon.vue",
  "AnalyticsIcon.vue",
  "AppleIcon.vue",
  "ArrowDownIcon.vue",
  "ArrowLeftIcon.vue",
  "ArrowRightIcon.vue",
  "ArrowUpIcon.vue",
  "AwsIcon.vue",
  "AzureIcon.vue",
  "BackIcon.vue",
  "BarChartHorizontalIcon.vue",
  "BarChartIcon.vue",
  "BlockquoteIcon.vue",
  "BoldIcon.vue",
  "BookIcon.vue",
  "BotIcon.vue",
  "BrainIcon.vue",
  "CalIcon.vue",
  "ChartAreaIcon.vue",
  "ChartDataIcon.vue",
  "ChartLinesIcon.vue",
  "CheckCircleIcon.vue",
  "CheckIcon.vue",
  "CheckSmallIcon.vue",
  "ChevronDownIcon.vue",
  "ChevronLeftIcon.vue",
  "ChevronRightIcon.vue",
  "ChevronUpIcon.vue",
  "ClearIcon.vue",
  "ClipboardIcon.vue",
  "ClockIcon.vue",
  "CloseIcon.vue",
  "CloudDownloadIcon.vue",
  "CloudIcon.vue",
  "CloudUploadIcon.vue",
  "CodeIcon.vue",
  "CodeblockIcon.vue",
  "CogIcon.vue",
  "CogModeIcon.vue",
  "CollapseIcon.vue",
  "CollapsePanelIcon.vue",
  "ConnectionsIcon.vue",
  "CopyIcon.vue",
  "DangerCircleIcon.vue",
  "DangerIcon.vue",
  "DashboardIcon.vue",
  "DataObjectIcon.vue",
  "DataReportIcon.vue",
  "DecreaseIcon.vue",
  "DeployIcon.vue",
  "DevPortalIcon.vue",
  "DisabledIcon.vue",
  "DockerIcon.vue",
  "DocumentIcon.vue",
  "DocumentListIcon.vue",
  "DownloadIcon.vue",
  "DragIcon.vue",
  "EditIcon.vue",
  "EqualIcon.vue",
  "ExpandIcon.vue",
  "ExternalLinkIcon.vue",
  "FeatureRequestIcon.vue",
  "FeedbackIcon.vue",
  "FileEmptyIcon.vue",
  "FilterIcon.vue",
  "FlagAuIcon.vue",
  "FlagBhIcon.vue",
  "FlagBrIcon.vue",
  "FlagCaIcon.vue",
  "FlagEuIcon.vue",
  "FlagGbIcon.vue",
  "FlagHkIcon.vue",
  "FlagIcon.vue",
  "FlagIdIcon.vue",
  "FlagInIcon.vue",
  "FlagJpIcon.vue",
  "FlagKrIcon.vue",
  "FlagSgIcon.vue",
  "FlagUsIcon.vue",
  "FlagZaIcon.vue",
  "ForwardIcon.vue",
  "GatewayIcon.vue",
  "GoogleCloudIcon.vue",
  "GoogleIcon.vue",
  "GraduationIcon.vue",
  "GridIcon.vue",
  "HelpIcon.vue",
  "HistoryIcon.vue",
  "HtmlIcon.vue",
  "ImageIcon.vue",
  "ImmunityIcon.vue",
  "InboxIcon.vue",
  "InboxNotificationIcon.vue",
  "IncreaseIcon.vue",
  "IndeterminateSmallIcon.vue",
  "InfoIcon.vue",
  "InsightsIcon.vue",
  "ItalicIcon.vue",
  "KeyboardReturnIcon.vue",
  "KongIcon.vue",
  "LinkIcon.vue",
  "LinuxIcon.vue",
  "ListIcon.vue",
  "ListOrderedIcon.vue",
  "ListUnorderedIcon.vue",
  "LockIcon.vue",
  "MarkIcon.vue",
  "MarkdownIcon.vue",
  "MenuIcon.vue",
  "MeshIcon.vue",
  "MoreHorizontalIcon.vue",
  "MoreIcon.vue",
  "NetworkIcon.vue",
  "NotificationIcon.vue",
  "OrganizationIcon.vue",
  "OverviewIcon.vue",
  "PeopleIcon.vue",
  "PlugIcon.vue",
  "PortalIcon.vue",
  "PresentationIcon.vue",
  "ProfileIcon.vue",
  "ProfileTeamIcon.vue",
  "ProgressIcon.vue",
  "RedoIcon.vue",
  "RefreshIcon.vue",
  "RegexIcon.vue",
  "RemoveIcon.vue",
  "ResponseIcon.vue",
  "RocketIcon.vue",
  "RuntimeCompositeIcon.vue",
  "RuntimeDedicatedCloudIcon.vue",
  "RuntimeHybridIcon.vue",
  "RuntimeKicIcon.vue",
  "RuntimesIcon.vue",
  "SearchIcon.vue",
  "SecurityIcon.vue",
  "ServiceDocumentIcon.vue",
  "ServiceHubIcon.vue",
  "ServicesIcon.vue",
  "SharedIcon.vue",
  "StackIcon.vue",
  "StrikethroughIcon.vue",
  "SubscriptIcon.vue",
  "SuperscriptIcon.vue",
  "SupportIcon.vue",
  "TableColumnsIcon.vue",
  "TableIcon.vue",
  "TableRowsIcon.vue",
  "TasklistIcon.vue",
  "TeamIcon.vue",
  "TeammateIcon.vue",
  "TrashIcon.vue",
  "TrendDownIcon.vue",
  "TrendUpIcon.vue",
  "UnderlineIcon.vue",
  "UnfoldMoreIcon.vue",
  "UploadIcon.vue",
  "VisibilityIcon.vue",
  "VitalsIcon.vue",
  "WarningIcon.vue",
  "WarningOutlineIcon.vue",
  "WindowsIcon.vue",
  "WorkspacesIcon.vue",
  "WorldIcon.vue",
  "WorldPrivateIcon.vue",
]
`;
