// Vitest Snapshot v1, https://vitest.dev/guide/snapshot.html

exports[`generate > \`/src/components/index.ts\` file > matches the snapshot 1`] = `
[
  "FlagEuIcon",
  "FlagUsIcon",
  "AwsIcon",
  "AzureIcon",
  "GoogleCloudIcon",
  "GoogleIcon",
  "RuntimeCompositeIcon",
  "RuntimeDedicatedCloudIcon",
  "RuntimeHybridIcon",
  "RuntimeKicIcon",
  "AddChartIcon",
  "AddCircleIcon",
  "AddIcon",
  "ArrowDownIcon",
  "ArrowLeftIcon",
  "ArrowRightIcon",
  "ArrowUpIcon",
  "BackIcon",
  "BarChartIcon",
  "BookIcon",
  "BotIcon",
  "BrainIcon",
  "CalIcon",
  "ChartDataIcon",
  "CheckCircleIcon",
  "CheckSmallIcon",
  "CheckIcon",
  "ChevronDownIcon",
  "ChevronLeftIcon",
  "ChevronRightIcon",
  "ChevronUpIcon",
  "ClearIcon",
  "ClipboardIcon",
  "ClockIcon",
  "CloseIcon",
  "CloudUploadIcon",
  "CloudIcon",
  "CogIcon",
  "CollapsePanelIcon",
  "CollapseIcon",
  "ConnectionsIcon",
  "CopyIcon",
  "DangerCircleIcon",
  "DangerIcon",
  "DashboardIcon",
  "DataReportIcon",
  "DeployIcon",
  "DevPortalIcon",
  "DisabledIcon",
  "DocumentListIcon",
  "DocumentIcon",
  "DragIcon",
  "EditIcon",
  "ExpandIcon",
  "ExternalLinkIcon",
  "FeatureRequestIcon",
  "FileEmptyIcon",
  "FilterIcon",
  "FlagIcon",
  "GraduationIcon",
  "GridIcon",
  "HelpIcon",
  "ImageIcon",
  "InboxIcon",
  "IndeterminateSmallIcon",
  "InfoIcon",
  "KongIcon",
  "ListIcon",
  "LockIcon",
  "MeshIcon",
  "MoreHorizontalIcon",
  "MoreIcon",
  "NotificationIcon",
  "OverviewIcon",
  "PeopleIcon",
  "PlugIcon",
  "PortalIcon",
  "PresentationIcon",
  "ProfileIcon",
  "ProgressIcon",
  "RedoIcon",
  "ResponseIcon",
  "RuntimesIcon",
  "SearchIcon",
  "SecurityIcon",
  "ServiceDocumentIcon",
  "ServiceHubIcon",
  "ServicesIcon",
  "SharedIcon",
  "SupportIcon",
  "TableIcon",
  "TeammateIcon",
  "TrashIcon",
  "VisibilityIcon",
  "VitalsIcon",
  "WarningOutlineIcon",
  "WarningIcon",
  "WorldIcon",
]
`;

exports[`generate > does not remove icons from the previous build 1`] = `
[
  "AddChartIcon.vue",
  "AddCircleIcon.vue",
  "AddIcon.vue",
  "ArrowDownIcon.vue",
  "ArrowLeftIcon.vue",
  "ArrowRightIcon.vue",
  "ArrowUpIcon.vue",
  "AwsIcon.vue",
  "AzureIcon.vue",
  "BackIcon.vue",
  "BarChartIcon.vue",
  "BookIcon.vue",
  "BotIcon.vue",
  "BrainIcon.vue",
  "CalIcon.vue",
  "ChartDataIcon.vue",
  "CheckCircleIcon.vue",
  "CheckIcon.vue",
  "CheckSmallIcon.vue",
  "ChevronDownIcon.vue",
  "ChevronLeftIcon.vue",
  "ChevronRightIcon.vue",
  "ChevronUpIcon.vue",
  "ClearIcon.vue",
  "ClipboardIcon.vue",
  "ClockIcon.vue",
  "CloseIcon.vue",
  "CloudIcon.vue",
  "CloudUploadIcon.vue",
  "CogIcon.vue",
  "CollapseIcon.vue",
  "CollapsePanelIcon.vue",
  "ConnectionsIcon.vue",
  "CopyIcon.vue",
  "DangerCircleIcon.vue",
  "DangerIcon.vue",
  "DashboardIcon.vue",
  "DataReportIcon.vue",
  "DeployIcon.vue",
  "DevPortalIcon.vue",
  "DisabledIcon.vue",
  "DocumentIcon.vue",
  "DocumentListIcon.vue",
  "DragIcon.vue",
  "EditIcon.vue",
  "ExpandIcon.vue",
  "ExternalLinkIcon.vue",
  "FeatureRequestIcon.vue",
  "FileEmptyIcon.vue",
  "FilterIcon.vue",
  "FlagEuIcon.vue",
  "FlagIcon.vue",
  "FlagUsIcon.vue",
  "GoogleCloudIcon.vue",
  "GoogleIcon.vue",
  "GraduationIcon.vue",
  "GridIcon.vue",
  "HelpIcon.vue",
  "ImageIcon.vue",
  "InboxIcon.vue",
  "IndeterminateSmallIcon.vue",
  "InfoIcon.vue",
  "KongIcon.vue",
  "ListIcon.vue",
  "LockIcon.vue",
  "MeshIcon.vue",
  "MoreHorizontalIcon.vue",
  "MoreIcon.vue",
  "NotificationIcon.vue",
  "OverviewIcon.vue",
  "PeopleIcon.vue",
  "PlugIcon.vue",
  "PortalIcon.vue",
  "PresentationIcon.vue",
  "ProfileIcon.vue",
  "ProgressIcon.vue",
  "RedoIcon.vue",
  "ResponseIcon.vue",
  "RuntimeCompositeIcon.vue",
  "RuntimeDedicatedCloudIcon.vue",
  "RuntimeHybridIcon.vue",
  "RuntimeKicIcon.vue",
  "RuntimesIcon.vue",
  "SearchIcon.vue",
  "SecurityIcon.vue",
  "ServiceDocumentIcon.vue",
  "ServiceHubIcon.vue",
  "ServicesIcon.vue",
  "SharedIcon.vue",
  "SupportIcon.vue",
  "TableIcon.vue",
  "TeammateIcon.vue",
  "TrashIcon.vue",
  "VisibilityIcon.vue",
  "VitalsIcon.vue",
  "WarningIcon.vue",
  "WarningOutlineIcon.vue",
  "WorldIcon.vue",
]
`;
