// Vitest Snapshot v1, https://vitest.dev/guide/snapshot.html

exports[`generate > \`/src/components/index.ts\` file > matches the snapshot 1`] = `undefined`;

exports[`generate > does not remove icons from the previous build 1`] = `
[
  "AddCircleIcon.vue",
  "AddIcon.vue",
  "ArrowDownIcon.vue",
  "ArrowLeftIcon.vue",
  "ArrowRightIcon.vue",
  "ArrowUpIcon.vue",
  "AwsIcon.vue",
  "AzureIcon.vue",
  "BackIcon.vue",
  "BarChartIcon.vue",
  "BookIcon.vue",
  "BotIcon.vue",
  "BrainIcon.vue",
  "CalIcon.vue",
  "CheckCircleIcon.vue",
  "CheckIcon.vue",
  "CheckSmallIcon.vue",
  "ChevronDownIcon.vue",
  "ChevronLeftIcon.vue",
  "ChevronRightIcon.vue",
  "ChevronUpIcon.vue",
  "ClearIcon.vue",
  "ClipboardIcon.vue",
  "ClockIcon.vue",
  "CloseIcon.vue",
  "CloudIcon.vue",
  "CogIcon.vue",
  "CollapseIcon.vue",
  "CollapsePanelIcon.vue",
  "ConnectionsIcon.vue",
  "CopyIcon.vue",
  "DangerCircleIcon.vue",
  "DashboardIcon.vue",
  "DeployIcon.vue",
  "DevPortalIcon.vue",
  "DisabledIcon.vue",
  "DocumentIcon.vue",
  "DocumentListIcon.vue",
  "DragIcon.vue",
  "EditIcon.vue",
  "ExpandIcon.vue",
  "ExternalLinkIcon.vue",
  "FeatureRequestIcon.vue",
  "FileEmptyIcon.vue",
  "FilterIcon.vue",
  "FlagEuIcon.vue",
  "FlagIcon.vue",
  "FlagUsIcon.vue",
  "GoogleCloudIcon.vue",
  "GoogleIcon.vue",
  "GraduationIcon.vue",
  "GridIcon.vue",
  "HelpIcon.vue",
  "ImageIcon.vue",
  "InboxIcon.vue",
  "IndeterminateSmallIcon.vue",
  "InfoIcon.vue",
  "KongIcon.vue",
  "ListIcon.vue",
  "LockIcon.vue",
  "MeshIcon.vue",
  "MoreHorizontalIcon.vue",
  "MoreIcon.vue",
  "NotificationIcon.vue",
  "OverviewIcon.vue",
  "PeopleIcon.vue",
  "PlugIcon.vue",
  "PortalIcon.vue",
  "PresentationIcon.vue",
  "ProfileIcon.vue",
  "ProgressIcon.vue",
  "RedoIcon.vue",
  "RuntimeCompositeIcon.vue",
  "RuntimeDedicatedCloudIcon.vue",
  "RuntimeHybridIcon.vue",
  "RuntimeKicIcon.vue",
  "RuntimesIcon.vue",
  "SearchIcon.vue",
  "SecurityIcon.vue",
  "ServiceDocumentIcon.vue",
  "ServiceHubIcon.vue",
  "ServicesIcon.vue",
  "SharedIcon.vue",
  "SupportIcon.vue",
  "TableIcon.vue",
  "TeammateIcon.vue",
  "TrashIcon.vue",
  "VitalsIcon.vue",
  "WarningIcon.vue",
  "WorldIcon.vue",
]
`;
